******************************************************************************
                  TI ARM Linker PC v5.2.6                      
******************************************************************************
>> Linked Sun Apr 18 19:20:04 2021

OUTPUT FILE NAME:   <sensortag_cc2650stk_app.out>
ENTRY POINT SYMBOL: "ResetISR"  address: 000097cd


MEMORY CONFIGURATION

         name            origin    length      used     unused   attr    fill
----------------------  --------  ---------  --------  --------  ----  --------
  IMAGE_HEADER          00001000   00000010  00000010  00000000  R  X
  FLASH                 00001010   00010010  0000e40c  00001c04  R  X
  SRAM                  20000000   00004428  00003317  00001111  RW X


SEGMENT ALLOCATION MAP

run origin  load origin   length   init length attrs members
----------  ----------- ---------- ----------- ----- -------
00001000    00001000    0000e420   0000e420    r-x
  00001000    00001000    00000010   00000010    r-- .imgHdr
  00001010    00001010    0000003c   0000003c    r-- .resetVecs
  0000104c    0000104c    0000cc8a   0000cc8a    r-x .text
  0000dcd8    0000dcd8    00000b5e   00000b5e    r-- .const
  0000e838    0000e838    00000be8   00000be8    r-- .cinit
20000430    20000430    00000010   00000000    rw-
  20000430    20000430    00000010   00000000    rw- .TI.bound:dmaSpi0RxControlTableEntry$21
20000440    20000440    00000010   00000000    rw-
  20000440    20000440    00000010   00000000    rw- .TI.bound:dmaSpi0TxControlTableEntry$21
20000500    20000500    00000010   00000000    rw-
  20000500    20000500    00000010   00000000    rw- .TI.bound:dmaSpi1RxControlTableEntry$21
20000510    20000510    0000301f   00000000    rw-
  20000510    20000510    00000010   00000000    rw- .TI.bound:dmaSpi1TxControlTableEntry$21
  20000520    20000520    00002125   00000000    rw- .data
  20002648    20002648    00000ee7   00000000    rw- .bss
20004228    20004228    00000200   00000000    rw-
  20004228    20004228    00000200   00000000    rw- .stack


SECTION ALLOCATION MAP

 output                                  attributes/
section   page    origin      length       input sections
--------  ----  ----------  ----------   ----------------
.imgHdr    0    00001000    00000010     
                  00001000    00000010     oad_target_external_flash.obj (.imgHdr:retain)

.text      0    0000104c    0000cc8a     
                  0000104c    00000310     RFCC26XX_singleMode.obj (.text:fsmActiveState$19)
                  0000135c    000002ec     peripheral.obj (.text:gapRole_processGAPMsg$50)
                  00001648    0000023c     peripheral.obj (.text:GAPRole_SetParameter)
                  00001884    00000228     drivers_cc26xxware.aem3 : PowerCC26XX.oem3 (.text:Power_sleep)
                  00001aac    00000204     driverlib.lib : sys_ctrl.obj (.text:NOROM_SysCtrlSetRechargeBeforePowerDown)
                  00001cb0    000001f4     rtsv7M3_T_le_eabi.lib : ull_div_t2.obj (.text)
                  00001ea4    000001d4     sensortag.obj (.text:SensorTag_init$0)
                  00002078    000001d0     drivers_cc26xxware.aem3 : PowerCC26XX_calibrateRCOSC.oem3 (.text:calibrateRcoscHf1)
                  00002248    000001a8     PINCC26XX.obj (.text:PIN_init)
                  000023f0    000001a8     RFCC26XX_singleMode.obj (.text:abortCmd$19)
                  00002598    00000184     drivers_cc26xxware.aem3 : PowerCC26XX_calibrateRCOSC.oem3 (.text:PowerCC26XX_doCalibrate)
                  0000271c    00000170     RFCC26XX_singleMode.obj (.text:RF_postCmd)
                  0000288c    00000158     SPICC26XXDMA.obj (.text:SPICC26XXDMA_initIO$21)
                  000029e4    0000014c     SPICC26XXDMA.obj (.text:SPICC26XXDMA_open)
                  00002b30    00000138     sensortag_factoryreset.obj (.text:SensorTagFactoryReset_storeCurrentImage)
                  00002c68    00000130     driverlib.lib : setup.obj (.text:NOROM_SetupAfterColdResetWakeupFromShutDownCfg3)
                  00002d98    00000128     RFCC26XX_singleMode.obj (.text:fsmSetupState$19)
                  00002ec0    00000120     peripheral.obj (.text:GAPRole_GetParameter)
                  00002fe0    0000011c     drivers_cc26xxware.aem3 : PowerCC26XX.oem3 (.text:Power_init)
                  000030fc    00000110     RFCC26XX_singleMode.obj (.text:hwiFxnCpe0Active$19)
                  0000320c    000000fc     I2CCC26XX.obj (.text:I2CCC26XX_open)
                  00003308    000000fc     SensorMpu9250.obj (.text:SensorMpu9250_magRead)
                  00003404    000000fc     peripheral.obj (.text:gapRole_taskFxn$50)
                  00003500    000000f8     sysbios.aem3 : BIOS.obj (.text:xdc_runtime_Startup_startMods__I)
                  000035f8    000000f4     sensortag_mov.obj (.text:SensorTagMov_processSensorEvent)
                  000036ec    000000f0     SPICC26XXDMA.obj (.text:SPICC26XXDMA_transferCancel)
                  000037dc    000000ec     icall.obj (.text:ICall_primWaitMatch$24)
                  000038c8    000000ec     RFCC26XX_singleMode.obj (.text:rf_init$19)
                  000039b4    000000ec     registerservice.obj (.text:sensor_WriteAttrCB$51)
                  00003aa0    000000e4     driverlib.lib : setup.obj (.text:NOROM_SetupAfterColdResetWakeupFromShutDownCfg2)
                  00003b84    000000e4     sensortag.obj (.text:SensorTag_processStateChangeEvt$0)
                  00003c68    000000e0     I2CCC26XX.obj (.text:I2CCC26XX_hwiFxn$17)
                  00003d48    000000dc     SensorMpu9250.obj (.text:SensorMpu9250_enableWom)
                  00003e24    000000d4     drivers_cc26xxware.aem3 : PowerCC26XX.oem3 (.text:Power_releaseDependency)
                  00003ef8    000000d0                             : PowerCC26XX.oem3 (.text:Power_setDependency)
                  00003fc8    000000cc     SPICC26XXDMA.obj (.text:SPICC26XXDMA_transfer)
                  00004094    000000cc     driverlib.lib : setup.obj (.text:TrimAfterColdResetWakeupFromShutDown)
                  00004160    000000cc     sysbios.aem3 : BIOS.obj (.text:ti_sysbios_knl_Semaphore_pend__E)
                  0000422c    000000cc                  : BIOS.obj (.text:ti_sysbios_knl_Task_Instance_init__E)
                  000042f8    000000c8     SPICC26XXDMA.obj (.text:SPICC26XXDMA_configDMA$21)
                  000043c0    000000c8     RFCC26XX_singleMode.obj (.text:fsmPowerUpState$19)
                  00004488    000000c8     sysbios.aem3 : m3_Hwi_asm.obj (.text:ti_sysbios_family_arm_m3_Hwi_dispatch__I)
                  00004550    000000c4     I2CCC26XX.obj (.text:I2CCC26XX_transfer)
                  00004614    000000c4     barometerservice.obj (.text:sensor_WriteAttrCB$37)
                  000046d8    000000c4     humidityservice.obj (.text:sensor_WriteAttrCB$43)
                  0000479c    000000c4     irtempservice.obj (.text:sensor_WriteAttrCB$45)
                  00004860    000000c4     movementservice.obj (.text:sensor_WriteAttrCB$46)
                  00004924    000000c4     opticservice.obj (.text:sensor_WriteAttrCB$49)
                  000049e8    000000c4     RFCC26XX_singleMode.obj (.text:swiFxnHw$19)
                  00004aac    000000c0     RFCC26XX_singleMode.obj (.text:RF_open)
                  00004b6c    000000c0     sensortag_mov.obj (.text:SensorTagMov_processCharChangeEvt)
                  00004c2c    000000c0     ioservice.obj (.text:io_WriteAttrCB$44)
                  00004cec    000000bc     power_cc26xx_tirtos.aem3 : PowerCC26XX_tirtos.oem3 (.text:PowerCC26XX_standbyPolicy)
                  00004da8    000000b4     PINCC26XX.obj (.text:PINCC26XX_setIoCfg$18)
                  00004e5c    000000b4     sensortag_factoryreset.obj (.text:SensorTagFactoryReset_hasImage)
                  00004f10    000000b0     sensortag_io.obj (.text:SensorTagIO_processCharChangeEvt)
                  00004fc0    000000b0     sensortag_keys.obj (.text:SensorTagKeys_processEvent)
                  00005070    000000b0     devinfoservice.obj (.text:devInfo_ReadAttrCB$40)
                  00005120    000000b0     peripheral.obj (.text:gapRole_init$50)
                  000051d0    000000ac     oad.obj (.text:OAD_imgBlockWrite)
                  0000527c    000000a8     oad.obj (.text:oadWriteAttrCB$47)
                  00005324    000000a4     driverlib.lib : setup.obj (.text:NOROM_SetupTrimDevice)
                  000053c8    000000a4     ccservice.obj (.text:ccService_WriteAttrCB$39)
                  0000546c    000000a0     SPICC26XXDMA.obj (.text:SPICC26XXDMA_hwiFxn$21)
                  0000550c    000000a0     auto_init.aem3 : auto_init.oem3 (.text)
                  000055ac    000000a0     sysbios.aem3 : BIOS.obj (.text:ti_sysbios_knl_Task_setPri__E)
                  0000564c    0000009c     oad.obj (.text:OAD_imgIdentifyWrite)
                  000056e8    0000009c     sensortag_keys.obj (.text:SensorTagKeys_clockHandler$8)
                  00005784    0000009c     sensortag.obj (.text:SensorTag_taskFxn$0)
                  00005820    0000009c     SensorTmp007.obj (.text:SensorTmp007_test)
                  000058bc    0000009c     rtsv7M3_T_le_eabi.lib : memcpy_t2.obj (.text)
                  00005958    00000098     PINCC26XX.obj (.text:PIN_open)
                  000059f0    00000098     sysbios.aem3 : BIOS.obj (.text:ti_sysbios_knl_Clock_workFuncDynamic__E)
                  00005a88    00000096     SensorBmp280.obj (.text:SensorBmp280_test)
                  00005b1e    00000002     ble_user_config.obj (.text:DefaultAssertCback)
                  00005b20    00000094     gattservapp_util.obj (.text:GATTServApp_ProcessCharCfg)
                  00005bb4    00000094     SPICC26XXDMA.obj (.text:SPICC26XXDMA_control)
                  00005c48    00000094     sensortag_opt.obj (.text:SensorTagOpt_processCharChangeEvt)
                  00005cdc    00000094     sysbios.aem3 : BIOS.obj (.text:ti_sysbios_family_arm_m3_Hwi_Instance_init__E)
                  00005d70    00000090     I2CCC26XX.obj (.text:I2CCC26XX_primeTransfer$17)
                  00005e00    00000090     oad.obj (.text:crcCalcDL$47)
                  00005e90    00000090     drivers_cc26xxware.aem3 : PowerCC26XX.oem3 (.text:switchXOSCHFclockFunc)
                  00005f20    0000008c     driverlib.lib : osc.obj (.text:NOROM_OSCHF_GetStartupTime)
                  00005fac    00000088     I2CCC26XX.obj (.text:I2CCC26XX_cancel)
                  00006034    00000088     sensortag_bar.obj (.text:SensorTagBar_processCharChangeEvt)
                  000060bc    00000088     sensortag_register.obj (.text:SensorTagRegister_processCharChangeEvt)
                  00006144    00000088     registerservice.obj (.text:sensor_ReadAttrCB$51)
                  000061cc    00000084     icall.obj (.text:ICall_heapMalloc)
                  00006250    00000084     icall.obj (.text:ICall_primSetTimer$24)
                  000062d4    00000084     TRNGCC26XX.obj (.text:TRNGCC26XX_getNumber)
                  00006358    00000084     sensortag_register.obj (.text:readRegister$12)
                  000063dc    00000080     RFCC26XX_singleMode.obj (.text:RF_pendCmd)
                  0000645c    00000080     sensortag_tmp.obj (.text:SensorTagTmp_processCharChangeEvt)
                  000064dc    00000080     SensorMpu9250.obj (.text:sensorMagInit$32)
                  0000655c    00000080     sysbios.aem3 : BIOS.obj (.text:ti_sysbios_family_arm_m3_Hwi_initNVIC__E)
                  000065dc    00000080                  : BIOS.obj (.text:ti_sysbios_knl_Task_postInit__I)
                  0000665c    00000080                  : BIOS.obj (.text:xdc_runtime_Core_createObject__I)
                  000066dc    0000007c     icall.obj (.text:ICall_createRemoteTasks)
                  00006758    0000007c     sensortag_hum.obj (.text:SensorTagHum_processCharChangeEvt)
                  000067d4    0000007c     drivers_cc26xxware.aem3 : PowerCC26XX.oem3 (.text:disableLFClockQualifiers)
                  00006850    0000007a     rtsv7M3_T_le_eabi.lib : memset_t2.obj (.text)
                  000068ca    00000002     driverlib.lib : rfc.obj (.text:NOROM_RFCAdi3VcoLdoVoltageMode)
                  000068cc    00000078                   : setup.obj (.text:NOROM_SetupAfterColdResetWakeupFromShutDownCfg1)
                  00006944    00000078     oad.obj (.text:OAD_rejectImage$47)
                  000069bc    00000078     SensorTagTest.obj (.text:SensorTag_testExecute)
                  00006a34    00000078     sysbios.aem3 : BIOS.obj (.text:ti_sysbios_knl_Clock_walkQueueDynamic__E)
                  00006aac    00000074     icall_cc2650.obj (.text:ICallPlatform_pwrUpdActivityCounter)
                  00006b20    00000074     icall.obj (.text:ICall_primSend$24)
                  00006b94    00000074     drivers_cc26xxware.aem3 : PowerCC26XX_calibrateRCOSC.oem3 (.text:PowerCC26XX_auxISR)
                  00006c08    00000074     sensortag_register.obj (.text:SensorTagRegister_reset)
                  00006c7c    00000074     drivers_cc26xxware.aem3 : PowerCC26XX_calibrateRCOSC.oem3 (.text:calibrateRcoscHf2)
                  00006cf0    00000074     peripheral.obj (.text:gapRole_startConnUpdate$50)
                  00006d64    00000072     ExtFlash.obj (.text:ExtFlash_write)
                  00006dd6    00000002     driverlib.lib : rfc.obj (.text:NOROM_RFCRTrim)
                  00006dd8    00000070                   : chipinfo.obj (.text:NOROM_ChipInfo_GetHwRevision)
                  00006e48    00000070     SensorI2C.obj (.text:SensorI2C_select)
                  00006eb8    00000070     sysbios.aem3 : BIOS.obj (.text:ti_sysbios_knl_Task_sleep__E)
                  00006f28    0000006c     icall.obj (.text:ICall_heapInit)
                  00006f94    0000006c     driverlib.lib : setup.obj (.text:NOROM_SetupGetTrimForAmpcompCtrl)
                  00007000    0000006c     drivers_cc26xxware.aem3 : PowerCC26XX.oem3 (.text:PowerCC26XX_calibrate)
                  0000706c    0000006c     SensorMpu9250.obj (.text:SensorMpu9250_reset)
                  000070d8    0000006c     RFCC26XX_singleMode.obj (.text:fsmPowerDownState$19)
                  00007144    0000006c     gattservapp_util.obj (.text:gattServApp_SendNotiInd$42)
                  000071b0    0000006c     movementservice.obj (.text:sensor_ReadAttrCB$46)
                  0000721c    0000006c     sysbios.aem3 : BIOS.obj (.text:xdc_runtime_Memory_alloc__E)
                  00007288    0000006a     rtsv7M3_T_le_eabi.lib : copy_decompress_rle.obj (.text)
                  000072f2    00000002     SPICC26XXDMA.obj (.text:SPICC26XXDMA_serviceISR$21)
                  000072f4    00000068     driverlib.lib : setup.obj (.text:NOROM_SetupGetTrimForAnabypassValue1)
                  0000735c    00000068                   : sys_ctrl.obj (.text:NOROM_SysCtrl_DCDC_VoltageConditionalControl)
                  000073c4    00000068     oad_target_external_flash.obj (.text:OADTarget_getCurrentImageHeader)
                  0000742c    00000068     sensortag_conn_ctrl.obj (.text:SensorTagConnectionControl_update)
                  00007494    00000068     sensortag_factoryreset.obj (.text:SensorTagFactoryReset_extFlashErase)
                  000074fc    00000068     sysbios.aem3 : BIOS.obj (.text:ti_sysbios_knl_Clock_startI__E)
                  00007564    00000068                  : BIOS.obj (.text:ti_sysbios_knl_Swi_restoreHwi__E)
                  000075cc    00000066     SensorHdc1000.obj (.text:SensorHdc1000_test)
                  00007632    00000002     RFCC26XX_singleMode.obj (.text:defaultErrCb$19)
                  00007634    00000064     I2CCC26XX.obj (.text:I2CCC26XX_close)
                  00007698    00000064     PINCC26XX.obj (.text:PIN_add)
                  000076fc    00000064     sysbios.aem3 : BIOS.obj (.text:ti_sysbios_family_arm_cc26xx_Timer_start__E)
                  00007760    00000064                  : BIOS.obj (.text:ti_sysbios_knl_Semaphore_post__E)
                  000077c4    00000062     barometerservice.obj (.text:sensor_ReadAttrCB$37)
                  00007826    00000002     drivers_cc26xxware.aem3 : PowerCC26XX.oem3 (.text:emptyClockFunc)
                  00007828    00000060     I2CCC26XX.obj (.text:I2CCC26XX_initIO$17)
                  00007888    00000060     icall.obj (.text:ICall_primEnroll$24)
                  000078e8    00000060     oad.obj (.text:OAD_sendStatus$47)
                  00007948    00000060     drivers_cc26xxware.aem3 : PowerCC26XX_calibrateRCOSC.oem3 (.text:PowerCC26XX_RCOSC_clockFunc)
                  000079a8    00000060     RFCC26XX_singleMode.obj (.text:RF_getCurrentTime)
                  00007a08    00000060     sensortag_mov.obj (.text:appStateSet$9)
                  00007a68    00000060     battservice.obj (.text:battReadAttrCB$38)
                  00007ac8    00000060     drivers_cc26xxware.aem3 : PowerCC26XX_calibrateRCOSC.oem3 (.text:updateSubSecInc)
                  00007b28    0000005c     ExtFlash.obj (.text:ExtFlash_erase)
                  00007b84    0000005c     icall.obj (.text:ICall_primThreadServes$24)
                  00007be0    0000005c     driverlib.lib : osc.obj (.text:NOROM_OSCHF_AttemptToSwitchToXosc)
                  00007c3c    0000005c                   : sys_ctrl.obj (.text:NOROM_SysCtrlAdjustRechargeAfterPowerDown)
                  00007c98    0000005c     oad_target_external_flash.obj (.text:OADTarget_validateNewImage)
                  00007cf4    0000005c     oad.obj (.text:OAD_getNextBlockReq$47)
                  00007d50    0000005c     SensorMpu9250.obj (.text:SensorMpu9250_magReset)
                  00007dac    0000005c     SensorMpu9250.obj (.text:SensorMpu9250_test)
                  00007e08    0000005c     sensortag_mov.obj (.text:SensorTagMov_init)
                  00007e64    0000005c     UDMACC26XX.obj (.text:UDMACC26XX_open)
                  00007ec0    0000005c     RFCC26XX_singleMode.obj (.text:applyRfCorePatch$19)
                  00007f1c    0000005c     RFCC26XX_singleMode.obj (.text:decActiveClientCnt$19)
                  00007f78    0000005c     SensorMpu9250.obj (.text:sensorMpu9250WakeUp$32)
                  00007fd4    0000005c     sysbios.aem3 : BIOS.obj (.text:ti_sysbios_knl_Task_Module_startup__E)
                  00008030    0000005c                  : BIOS.obj (.text:ti_sysbios_knl_Task_startCore__E)
                  0000808c    0000005a     SPICC26XXDMA.obj (.text:SPICC26XXDMA_close)
                  000080e6    0000005a     humidityservice.obj (.text:sensor_ReadAttrCB$43)
                  00008140    0000005a     irtempservice.obj (.text:sensor_ReadAttrCB$45)
                  0000819a    0000005a     opticservice.obj (.text:sensor_ReadAttrCB$49)
                  000081f4    00000058     movementservice.obj (.text:Movement_setParameter)
                  0000824c    00000058     oad.obj (.text:OAD_addService)
                  000082a4    00000058     PINCC26XX.obj (.text:PIN_remove)
                  000082fc    00000058     drivers_cc26xxware.aem3 : PowerCC26XX_calibrateRCOSC.oem3 (.text:PowerCC26XX_initiateCalibration)
                  00008354    00000058     SPICC26XXDMA.obj (.text:SPICC26XXDMA_initHw$21)
                  000083ac    00000058     sensortag_keys.obj (.text:processGapStateChange$8)
                  00008404    00000058     sysbios.aem3 : BIOS.obj (.text:ti_sysbios_family_arm_m3_Hwi_postInit__I)
                  0000845c    00000058                  : BIOS.obj (.text:ti_sysbios_knl_Swi_Instance_init__E)
                  000084b4    00000058                  : BIOS.obj (.text:ti_sysbios_knl_Swi_run__I)
                  0000850c    00000056     sensortag.obj (.text:SensorTag_processCharValueChangeEvt$0)
                  00008562    00000002     sysbios.aem3 : BIOS.obj (.text:ti_sysbios_BIOS_linkedWithIncorrectBootLibrary__E)
                  00008564    00000054     barometerservice.obj (.text:Barometer_setParameter)
                  000085b8    00000054     I2CCC26XX.obj (.text:I2CCC26XX_swiFxn$17)
                  0000860c    00000054     SensorI2C.obj (.text:SensorI2C_open)
                  00008660    00000054     util.obj (.text:Util_rescheduleClock)
                  000086b4    00000054     sensortag_factoryreset.obj (.text:calcImageCRC$5)
                  00008708    00000054     drivers_cc26xxware.aem3 : PowerCC26XX.oem3 (.text:configureXOSCHF)
                  0000875c    00000054     RFCC26XX_singleMode.obj (.text:fsmXOSCState$19)
                  000087b0    00000054     RFCC26XX_singleMode.obj (.text:hwiFxnHw$19)
                  00008804    00000054     RFCC26XX_singleMode.obj (.text:ratChanFree$19)
                  00008858    00000054     sysbios.aem3 : BIOS.obj (.text:ti_sysbios_family_arm_m3_Hwi_dispatchC__I)
                  000088ac    00000054                  : BIOS.obj (.text:ti_sysbios_knl_Swi_schedule__I)
                  00008900    00000052     icall.obj (.text:ICall_primWait$24)
                  00008952    00000052     SPICC26XXDMA.obj (.text:SPICC26XXDMA_swiFxn$21)
                  000089a4    00000052     sensortag_conn_ctrl.obj (.text:SensorTagConnControl_processCharChangeEvt)
                  000089f6    00000050     ExtFlash.obj (.text:ExtFlash_read)
                  00008a46    00000002     app_ble_pem3.oem3 (.text:ti_sysbios_BIOS_nullFunc__I)
                  00008a48    00000050     icall_api.obj (.text:GAP_DeviceInit)
                  00008a98    00000050     icall_api.obj (.text:GAP_UpdateAdvertisingData)
                  00008ae8    00000050     humidityservice.obj (.text:Humidity_setParameter)
                  00008b38    00000050     icall.obj (.text:ICall_primRegisterApp$24)
                  00008b88    00000050     irtempservice.obj (.text:IRTemp_setParameter)
                  00008bd8    00000050     driverlib.lib : setup.obj (.text:NOROM_SetupSetCacheModeAccordingToCcfgSetting)
                  00008c28    00000050     opticservice.obj (.text:Optic_setParameter)
                  00008c78    00000050     RFCC26XX_singleMode.obj (.text:RF_getInfo)
                  00008cc8    00000050     oad.obj (.text:checkDL$47)
                  00008d18    00000050     RFCC26XX_singleMode.obj (.text:syncCb$19)
                  00008d68    00000050     sysbios.aem3 : BIOS.obj (.text:ti_sysbios_knl_Swi_runLoop__I)
                  00008db8    00000050                  : BIOS.obj (.text:xdc_runtime_Startup_exec__E)
                  00008e08    0000004e     SensorOpt3001.obj (.text:SensorOpt3001_test)
                  00008e56    0000004e     ccservice.obj (.text:ccService_ReadAttrCB$39)
                  00008ea4    0000004e     ioservice.obj (.text:io_ReadAttrCB$44)
                  00008ef2    00000002     sysbios.aem3 : BIOS.obj (.text:ti_sysbios_gates_GateHwi_Instance_init__E)
                  00008ef4    0000004c     ExtFlash.obj (.text:ExtFlash_waitReady$28)
                  00008f40    0000004c     icall_cc2650.obj (.text:ICallPlatform_pwrRegisterNotify)
                  00008f8c    0000004c     icall.obj (.text:ICall_newTask$24)
                  00008fd8    0000004c     icall.obj (.text:ICall_primGetEntityId$24)
                  00009024    0000004c     driverlib.lib : osc.obj (.text:NOROM_OSCClockSourceSet)
                  00009070    0000004c     util.obj (.text:Util_constructClock)
                  000090bc    0000004c     battservice.obj (.text:battWriteAttrCB$38)
                  00009108    0000004c     RFCC26XX_singleMode.obj (.text:dispatchOpWhen$19)
                  00009154    0000004c     peripheral.obj (.text:gapRole_processStackMsg$50)
                  000091a0    0000004c     rtsv7M3_T_le_eabi.lib : cpy_tbl.obj (.text)
                  000091ec    0000004c     sysbios.aem3 : m3_TaskSupport_asm.obj (.text:ti_sysbios_family_arm_m3_TaskSupport_buildTaskStack)
                  00009238    0000004c                  : BIOS.obj (.text:ti_sysbios_knl_Task_schedule__I)
                  00009284    0000004a     gattservapp_util.obj (.text:GATTServApp_ProcessCCCWriteReq)
                  000092ce    00000002     sysbios.aem3 : BIOS.obj (.text:ti_sysbios_knl_Clock_logTick__E)
                  000092d0    00000048     I2CCC26XX.obj (.text:I2CCC26XX_initHw$17)
                  00009318    00000048     driverlib.lib : chipinfo.obj (.text:NOROM_ChipInfo_GetChipFamily)
                  00009360    00000048                   : ddi.obj (.text:NOROM_DDI16BitfieldWrite)
                  000093a8    00000048     sensortag_oad.obj (.text:SensorTag_processOadWriteCB$10)
                  000093f0    00000048     battservice.obj (.text:battNotify$38)
                  00009438    00000048     icall_api.obj (.text:gattIndNoti$27)
                  00009480    00000048     drivers_cc26xxware.aem3 : PowerCC26XX.oem3 (.text:notify)
                  000094c8    00000048     sysbios.aem3 : BIOS.obj (.text:ti_sysbios_family_arm_m3_Hwi_Module_startup__E)
                  00009510    00000048                  : m3_Hwi_asm_switch.obj (.text:ti_sysbios_family_arm_m3_Hwi_initStacks__E)
                  00009558    00000048     app_ble_pem3.oem3 (.text:ti_sysbios_hal_Hwi_create)
                  000095a0    00000048     sensortag_register.obj (.text:writeRegister$12)
                  000095e8    00000048     sysbios.aem3 : BIOS.obj (.text:xdc_runtime_Core_assignParams__I)
                  00009630    00000048                  : BIOS.obj (.text:xdc_runtime_Core_constructObject__I)
                  00009678    00000044     icall_api.obj (.text:GAP_TerminateLinkReq)
                  000096bc    00000044     PINCC26XX.obj (.text:PIN_swi$18)
                  00009700    00000044     SensorMpu9250.obj (.text:SensorMpu9250_accSetRange)
                  00009744    00000044     sensortag_io.obj (.text:SensorTagIO_blinkLed)
                  00009788    00000044     sensortag_io.obj (.text:SensorTagIO_reset)
                  000097cc    00000044     boot.aem3 : boot.oem3 (.text)
                  00009810    00000044     icall_api.obj (.text:gapSendParamAndPtrCmd$27)
                  00009854    00000044     rtsv7M3_T_le_eabi.lib : exit.obj (.text)
                  00009898    00000044     SensorMpu9250.obj (.text:sensorMpu9250SetBypass$32)
                  000098dc    00000044     app_ble_pem3.oem3 (.text:ti_sysbios_family_arm_m3_Hwi_Object__create__S)
                  00009920    00000044     sysbios.aem3 : BIOS.obj (.text:ti_sysbios_family_arm_m3_Hwi_disableInterrupt__E)
                  00009964    00000044                  : BIOS.obj (.text:ti_sysbios_family_arm_m3_Hwi_enableInterrupt__E)
                  000099a8    00000044                  : BIOS.obj (.text:ti_sysbios_knl_Swi_post__E)
                  000099ec    00000044                  : BIOS.obj (.text:ti_sysbios_knl_Task_allBlockedFunction__I)
                  00009a30    00000044     app_ble_pem3.oem3 (.text:ti_sysbios_knl_Task_create)
                  00009a74    00000042     icall.obj (.text:ICall_primCreateTask$24)
                  00009ab6    00000002     sysbios.aem3 : BIOS.obj (.text:ti_sysbios_knl_Clock_triggerFunc__I)
                  00009ab8    00000040     ExtFlash.obj (.text:ExtFlash_open)
                  00009af8    00000040     ExtFlash.obj (.text:ExtFlash_readInfo$28)
                  00009b38    00000040     peripheral.obj (.text:GAPRole_createTask)
                  00009b78    00000040     driverlib.lib : ddi.obj (.text:NOROM_DDI16BitfieldRead)
                  00009bb8    00000040     oad_target_external_flash.obj (.text:OADTarget_storeImageHeader)
                  00009bf8    00000040     RFCC26XX_singleMode.obj (.text:RF_getRssi)
                  00009c38    00000040     simplekeys.obj (.text:SK_readAttrCB$52)
                  00009c78    00000040     SensorMpu9250.obj (.text:SensorMpu9250_magTest)
                  00009cb8    00000040     sensortag_factoryreset.obj (.text:SensorTagFactoryReset_applyFactoryImage)
                  00009cf8    00000040     sensortag_oad.obj (.text:SensorTagOad_processEvent)
                  00009d38    00000040     SensorTmp007.obj (.text:SensorTmp007_enable)
                  00009d78    00000040     ExtFlash.obj (.text:extFlashVerifyPart$28)
                  00009db8    00000040     SensorMpu9250.obj (.text:sensorMagEnable$32)
                  00009df8    00000040     SensorMpu9250.obj (.text:sensorMpuSleep$32)
                  00009e38    00000040     sysbios.aem3 : BIOS.obj (.text:ti_sysbios_family_arm_m3_Hwi_getStackInfo__E)
                  00009e78    00000040                  : BIOS.obj (.text:xdc_runtime_HeapMin_alloc__E)
                  00009eb8    0000003c     icall_api.obj (.text:GAP_GetParamValue)
                  00009ef4    0000003c     icall_api.obj (.text:GATTServApp_RegisterService)
                  00009f30    0000003c     icall_cc2650.obj (.text:ICallPlatform_pwrConfigACAction)
                  00009f6c    0000003c     driverlib.lib : osc.obj (.text:NOROM_OSC_HPOSCRelativeFrequencyOffsetGet)
                  00009fa8    0000003c                   : rfc.obj (.text:NOROM_RFCSynthPowerDown)
                  00009fe4    0000003c     PINCC26XX.obj (.text:PINCC26XX_getConfig)
                  0000a020    0000003c     RFCC26XX_singleMode.obj (.text:RF_runCmd)
                  0000a05c    0000003c     registerservice.obj (.text:Register_setParameter)
                  0000a098    0000003c     SPICC26XXDMA.obj (.text:SPICC26XXDMA_csnCallback$21)
                  0000a0d4    0000003c     SensorI2C.obj (.text:SensorI2C_writeRead)
                  0000a110    0000003c     SensorMpu9250.obj (.text:SensorMpu9250_accRead)
                  0000a14c    0000003c     SensorMpu9250.obj (.text:SensorMpu9250_accReadRange)
                  0000a188    0000003c     sensortag_buzzer.obj (.text:SensorTagBuzzer_open)
                  0000a1c4    0000003c     sensortag_buzzer.obj (.text:SensorTagBuzzer_setFrequency)
                  0000a200    0000003c     sensortag.obj (.text:SensorTag_createTask)
                  0000a23c    0000003c     oad.obj (.text:oadReadAttrCB$47)
                  0000a278    0000003c     RFCC26XX_singleMode.obj (.text:postDirImmCmd$19)
                  0000a2b4    0000003c     icall_api.obj (.text:profileSetParameter$27)
                  0000a2f0    0000003c     icall_api.obj (.text:sendWaitMatchCS$27)
                  0000a32c    0000003c     icall_api.obj (.text:sendWaitMatchValueCS$27)
                  0000a368    0000003c     app_ble_pem3.oem3 (.text:ti_sysbios_family_arm_m3_Hwi_construct)
                  0000a3a4    0000003a     SensorMpu9250.obj (.text:SensorMpu9250_irqStatus)
                  0000a3de    0000003a     sysbios.aem3 : BIOS.obj (.text:ti_sysbios_knl_Task_exit__E)
                  0000a418    00000038     icall_api.obj (.text:GAPBondMgr_LinkEst)
                  0000a450    00000038     I2C.obj (.text:I2C_init)
                  0000a488    00000038     icall.obj (.text:ICall_primGetMaxMSecs$24)
                  0000a4c0    00000038     SensorI2C.obj (.text:SensorI2C_write)
                  0000a4f8    00000038     SensorMpu9250.obj (.text:SensorMpu9250_gyroRead)
                  0000a530    00000038     sensortag_opt.obj (.text:SensorTagOpt_reset)
                  0000a568    00000038     util.obj (.text:Util_restartClock)
                  0000a5a0    00000038     battservice.obj (.text:battMeasure$38)
                  0000a5d8    00000038     battservice.obj (.text:battNotifyLevel$38)
                  0000a610    00000038     peripheral.obj (.text:gapRole_HandleParamUpdateNoSuccess$50)
                  0000a648    00000038     icall_api.obj (.text:linkDB_NumConns)
                  0000a680    00000038     sysbios.aem3 : BIOS.obj (.text:ti_sysbios_family_arm_cc26xx_Timer_getCurrentTick__E)
                  0000a6b8    00000038                  : BIOS.obj (.text:ti_sysbios_family_arm_m3_Hwi_Instance_finalize__E)
                  0000a6f0    00000038                  : BIOS.obj (.text:ti_sysbios_knl_Clock_Instance_init__E)
                  0000a728    00000038     app_ble_pem3.oem3 (.text:ti_sysbios_knl_Clock_create)
                  0000a760    00000038     app_ble_pem3.oem3 (.text:ti_sysbios_knl_Swi_construct)
                  0000a798    00000038     app_ble_pem3.oem3 (.text:ti_sysbios_knl_Task_construct)
                  0000a7d0    00000038     sysbios.aem3 : BIOS.obj (.text:xdc_runtime_System_atexit__E)
                  0000a808    00000036     UDMACC26XX.obj (.text:UDMACC26XX_close)
                  0000a83e    00000036     RFCC26XX_singleMode.obj (.text:updateImplicitState$19)
                  0000a874    00000034     icall_api.obj (.text:GAPBondMgr_SetParameter)
                  0000a8a8    00000034     peripheral.obj (.text:GAPRole_SendUpdateParam)
                  0000a8dc    00000034     icall_api.obj (.text:GAP_SetParamValue)
                  0000a910    00000034     icall.obj (.text:ICall_primEntityId2ServiceId$24)
                  0000a944    00000034     icall.obj (.text:ICall_primFetchMsg$24)
                  0000a978    00000034     icall.obj (.text:ICall_primRegisterISR$24)
                  0000a9ac    00000034     icall.obj (.text:ICall_primRegisterISR_Ext$24)
                  0000a9e0    00000034     icall.obj (.text:ICall_searchServiceEntity)
                  0000aa14    00000034     ioservice.obj (.text:Io_setParameter)
                  0000aa48    00000034     driverlib.lib : osc.obj (.text:NOROM_OSCHF_SwitchToRcOscTurnOffXosc)
                  0000aa7c    00000034                   : trng.obj (.text:NOROM_TRNGConfigure)
                  0000aab0    00000034     PINCC26XX.obj (.text:PIN_setOutputValue)
                  0000aae4    00000034     drivers_cc26xxware.aem3 : PowerCC26XX.oem3 (.text:PowerCC26XX_isStableXOSC_HF)
                  0000ab18    00000034     RFCC26XX_singleMode.obj (.text:Q_push$19)
                  0000ab4c    00000034     registerservice.obj (.text:Register_getParameter)
                  0000ab80    00000034     SensorBmp280.obj (.text:SensorBmp280_init)
                  0000abb4    00000034     SensorMpu9250.obj (.text:SensorMpu9250_enable)
                  0000abe8    00000034     sensortag_keys.obj (.text:SensorTagKeys_processKeyLeft)
                  0000ac1c    00000034     sensortag_keys.obj (.text:SensorTagKeys_processKeyRight)
                  0000ac50    00000034     sensortag_keys.obj (.text:SensorTagKeys_processRelay)
                  0000ac84    00000034     icall_api.obj (.text:osal_snv_read)
                  0000acb8    00000034     icall_api.obj (.text:osal_snv_write)
                  0000acec    00000034     icall_api.obj (.text:profileAddService$27)
                  0000ad20    00000034     sysbios.aem3 : BIOS.obj (.text:ti_sysbios_family_arm_cc26xx_Timer_initDevice__I)
                  0000ad54    00000034     app_ble_pem3.oem3 (.text:ti_sysbios_knl_Clock_construct)
                  0000ad88    00000034     app_ble_pem3.oem3 (.text:ti_sysbios_knl_Semaphore_create)
                  0000adbc    00000034     sysbios.aem3 : BIOS.obj (.text:ti_sysbios_knl_Swi_restore__E)
                  0000adf0    00000034                  : BIOS.obj (.text:ti_sysbios_knl_Task_blockI__E)
                  0000ae24    00000032     icall_api.obj (.text:gapSendParamsCmd$27)
                  0000ae56    00000032     icall_api.obj (.text:gapSendPtrParamsCmd$27)
                  0000ae88    00000032     icall_api.obj (.text:matchGapSetGetParamCS$27)
                  0000aeba    00000032     icall_api.obj (.text:matchGattCmdStatus$27)
                  0000aeec    00000032     icall_api.obj (.text:matchUtilNvCS$27)
                  0000af1e    00000032     sysbios.aem3 : BIOS.obj (.text:ti_sysbios_family_arm_cc26xx_Timer_setNextTick__E)
                  0000af50    00000030     ExtFlash.obj (.text:ExtFlash_close)
                  0000af80    00000030     icall_cc2650.obj (.text:ICallPlatform_pwrNotify$25)
                  0000afb0    00000030     icall.obj (.text:ICall_msecs2Ticks$24)
                  0000afe0    00000030     icall.obj (.text:ICall_searchTask$24)
                  0000b010    00000030     movementservice.obj (.text:Movement_getParameter)
                  0000b040    00000030     driverlib.lib : setup.obj (.text:NOROM_SetupSetAonRtcSubSecInc)
                  0000b070    00000030     PINCC26XX.obj (.text:PIN_setInterrupt)
                  0000b0a0    00000030     drivers_cc26xxware.aem3 : PowerCC26XX.oem3 (.text:Power_releaseConstraint)
                  0000b0d0    00000030                             : PowerCC26XX.oem3 (.text:Power_setConstraint)
                  0000b100    00000030     SensorMpu9250.obj (.text:SensorMpu9250_powerOn)
                  0000b130    00000030     ExtFlash.obj (.text:Spi_open$28)
                  0000b160    00000030     ExtFlash.obj (.text:Spi_read$28)
                  0000b190    00000030     ExtFlash.obj (.text:Spi_write$28)
                  0000b1c0    00000030     oad.obj (.text:crc16$47)
                  0000b1f0    00000030     sensortag_factoryreset.obj (.text:crc16$5)
                  0000b220    00000030     oad_target_external_flash.obj (.text:saveImageInfo)
                  0000b250    00000030     SensorMpu9250.obj (.text:sensorMpu9250SelectAxes$32)
                  0000b280    00000030     app_ble_pem3.oem3 (.text:ti_sysbios_BIOS_atExitFunc__I)
                  0000b2b0    00000030     app_ble_pem3.oem3 (.text:ti_sysbios_BIOS_startFunc__I)
                  0000b2e0    00000030     sysbios.aem3 : BIOS.obj (.text:ti_sysbios_family_arm_cc26xx_Timer_setThreshold__I)
                  0000b310    00000030     app_ble_pem3.oem3 (.text:ti_sysbios_gates_GateHwi_Object__create__S)
                  0000b340    00000030     app_ble_pem3.oem3 (.text:ti_sysbios_gates_GateMutex_Object__create__S)
                  0000b370    00000030     sysbios.aem3 : BIOS.obj (.text:ti_sysbios_gates_GateMutex_enter__E)
                  0000b3a0    00000030     app_ble_pem3.oem3 (.text:ti_sysbios_knl_Semaphore_construct)
                  0000b3d0    00000030     sysbios.aem3 : BIOS.obj (.text:ti_sysbios_knl_Task_processVitalTaskFlag__I)
                  0000b400    00000030     app_ble_pem3.oem3 (.text:xdc_runtime_HeapMin_Object__create__S)
                  0000b430    00000030     sysbios.aem3 : BIOS.obj (.text:xdc_runtime_HeapMin_free__E)
                  0000b460    00000030                  : BIOS.obj (.text:xdc_runtime_System_processAtExit__E)
                  0000b490    0000002e     icall_cc2650.obj (.text:ICallPlatform_pwrDispenseImpl$25)
                  0000b4be    0000002e     icall_cc2650.obj (.text:ICallPlatform_pwrRequireImpl$25)
                  0000b4ec    0000002e     sensortag.obj (.text:ICall_fetchServiceMsg$0)
                  0000b51a    0000002e     peripheral.obj (.text:ICall_fetchServiceMsg$50)
                  0000b548    0000002e     icall.obj (.text:ICall_msgDequeue$24)
                  0000b576    0000002e     simplekeys.obj (.text:SK_writeAttrCB$52)
                  0000b5a4    0000002e     SensorOpt3001.obj (.text:SensorOpt3001_enable)
                  0000b5d2    0000002e     icall_api.obj (.text:matchProfileAddServiceCS$27)
                  0000b600    0000002e     sysbios.aem3 : BIOS.obj (.text:ti_sysbios_family_arm_m3_TaskSupport_start__E)
                  0000b62e    00000002                  : BIOS.obj (.text:ti_sysbios_knl_Swi_Instance_finalize__E)
                  0000b630    0000002c     ExtFlash.obj (.text:ExtFlash_writeEnable$28)
                  0000b65c    0000002c     icall_api.obj (.text:GAPBondMgr_Register)
                  0000b688    0000002c     icall.obj (.text:ICall_heapFree)
                  0000b6b4    0000002c     ccservice.obj (.text:ICall_malloc$39)
                  0000b6e0    0000002c     ioservice.obj (.text:ICall_malloc$44)
                  0000b70c    0000002c     movementservice.obj (.text:ICall_malloc$46)
                  0000b738    0000002c     oad.obj (.text:ICall_malloc$47)
                  0000b764    0000002c     simplekeys.obj (.text:ICall_malloc$52)
                  0000b790    0000002c     icall.obj (.text:ICall_msgEnqueue$24)
                  0000b7bc    0000002c     icall.obj (.text:ICall_primAllocMsg$24)
                  0000b7e8    0000002c     icall.obj (.text:ICall_primFetchServiceMsg$24)
                  0000b814    0000002c     icall_api.obj (.text:ICall_sendServiceMsg$27)
                  0000b840    0000002c     driverlib.lib : ddi.obj (.text:NOROM_DDI32RegWrite)
                  0000b86c    0000002c                   : setup.obj (.text:NOROM_SetupGetTrimForRadcExtCfg)
                  0000b898    0000002c     PINCC26XX.obj (.text:PINCC26XX_setMux)
                  0000b8c4    0000002c     PINCC26XX.obj (.text:PIN_setConfig)
                  0000b8f0    0000002c     SensorI2C.obj (.text:SensorI2C_writeReg)
                  0000b91c    0000002c     SensorMpu9250.obj (.text:SensorMpu9250_init)
                  0000b948    0000002c     sensortag_mov.obj (.text:SensorTagMov_reset)
                  0000b974    0000002c     ExtFlash.obj (.text:extFlashPowerStandby$28)
                  0000b9a0    0000002c     RFCC26XX_singleMode.obj (.text:getCmd$19)
                  0000b9cc    0000002c     sysbios.aem3 : BIOS.obj (.text:ti_sysbios_hal_Hwi_initStack)
                  0000b9f8    0000002c                  : BIOS.obj (.text:ti_sysbios_knl_Clock_getTicksUntilInterrupt__E)
                  0000ba24    0000002c     app_ble_pem3.oem3 (.text:ti_sysbios_knl_Queue_construct)
                  0000ba50    0000002c     sysbios.aem3 : BIOS.obj (.text:ti_sysbios_knl_Semaphore_pendTimeout__I)
                  0000ba7c    0000002c                  : BIOS.obj (.text:ti_sysbios_knl_Task_unblockI__E)
                  0000baa8    0000002c     st_util.obj (.text:utilExtractUuid16)
                  0000bad4    0000002a     icall_api.obj (.text:ICall_waitMatch$27)
                  0000bafe    0000002a     TRNGCC26XX.obj (.text:TRNGCC26XX_isParamValid)
                  0000bb28    0000002a     util.obj (.text:Util_enqueueMsg)
                  0000bb52    0000002a     icall_api.obj (.text:matchProfileCS$27)
                  0000bb7c    00000028     ccservice.obj (.text:CcService_addService)
                  0000bba4    00000028     ccservice.obj (.text:CcService_setParameter)
                  0000bbcc    00000028     gattservapp_util.obj (.text:GATTServApp_WriteCharCfg)
                  0000bbf4    00000028     icall.obj (.text:ICall_init)
                  0000bc1c    00000028     icall.obj (.text:ICall_msgPrepend$24)
                  0000bc44    00000028     sensortag.obj (.text:ICall_registerApp$0)
                  0000bc6c    00000028     peripheral.obj (.text:ICall_registerApp$50)
                  0000bc94    00000028     ioservice.obj (.text:Io_addService)
                  0000bcbc    00000028     movementservice.obj (.text:Movement_addService)
                  0000bce4    00000028     driverlib.lib : aon_batmon.obj (.text:NOROM_AONBatMonTemperatureGetDegC)
                  0000bd0c    00000028     drivers_cc26xxware.aem3 : PowerCC26XX.oem3 (.text:PowerCC26XX_switchXOSC_HF)
                  0000bd34    00000028                             : PowerCC26XX.oem3 (.text:Power_registerNotify)
                  0000bd5c    00000028     simplekeys.obj (.text:SK_AddService)
                  0000bd84    00000028     simplekeys.obj (.text:SK_SetParameter)
                  0000bdac    00000028     SPICC26XXDMA.obj (.text:SPICC26XXDMA_flushFifos$21)
                  0000bdd4    00000028     driverlib.lib : adi.obj (.text:SafeHapiVoid)
                  0000bdfc    00000028     SensorBmp280.obj (.text:SensorBmp280_enable)
                  0000be24    00000028     sensortag_bar.obj (.text:SensorTagBar_reset)
                  0000be4c    00000028     sensortag_buzzer.obj (.text:SensorTagBuzzer_close)
                  0000be74    00000028     sensortag_conn_ctrl.obj (.text:SensorTagConnControl_paramUpdateCB)
                  0000be9c    00000028     sensortag_keys.obj (.text:SensorTagKeys_init)
                  0000bec4    00000028     sensortag_oad.obj (.text:SensorTagOad_init)
                  0000beec    00000028     sensortag.obj (.text:SensorTag_enqueueMsg$0)
                  0000bf14    00000028     sensortag.obj (.text:SensorTag_resetAllModules$0)
                  0000bf3c    00000028     TRNGCC26XX.obj (.text:TRNGCC26XX_init)
                  0000bf64    00000028     RFCC26XX_singleMode.obj (.text:clkPowerUpFxn$19)
                  0000bf8c    00000028     gattservapp_util.obj (.text:gattServApp_FindCharCfgItem$42)
                  0000bfb4    00000028     sysbios.aem3 : BIOS.obj (.text:ti_sysbios_family_arm_cc26xx_Timer_getMaxTicks__E)
                  0000bfdc    00000028                  : BIOS.obj (.text:ti_sysbios_knl_Clock_addI__E)
                  0000c004    00000028                  : BIOS.obj (.text:ti_sysbios_knl_Task_restore__E)
                  0000c02c    00000026     drivers_cc26xxware.aem3 : List.oem3 (.text:List_put)
                  0000c052    00000026     sysbios.aem3 : BIOS.obj (.text:ti_sysbios_hal_Hwi_Instance_init__E)
                  0000c078    00000024     barometerservice.obj (.text:Barometer_getParameter)
                  0000c09c    00000024     icall_api.obj (.text:GAPBondMgr_LinkTerm)
                  0000c0c0    00000024     I2C.obj (.text:I2C_open)
                  0000c0e4    00000024     icall_api.obj (.text:ICall_getLocalMsgEntityId$27)
                  0000c108    00000024     icall_api.obj (.text:ICall_threadServes$27)
                  0000c12c    00000024     PINCC26XX.obj (.text:PINCC26XX_getPinCount)
                  0000c150    00000024     SPI.obj (.text:SPI_open)
                  0000c174    00000024     SensorMpu9250.obj (.text:SensorMpu9250_powerOff)
                  0000c198    00000024     sensortag_hum.obj (.text:SensorTagHum_reset)
                  0000c1bc    00000024     sensortag_register.obj (.text:SensorTagRegister_update)
                  0000c1e0    00000024     sensortag_tmp.obj (.text:SensorTagTmp_reset)
                  0000c204    00000024     oad_target_external_flash.obj (.text:getImageFlag)
                  0000c228    00000024     drivers_cc26xxware.aem3 : PowerCC26XX_calibrateRCOSC.oem3 (.text:getTdcSemaphore)
                  0000c24c    00000024     RFCC26XX_singleMode.obj (.text:hwiFxnCpe0PowerFsm$19)
                  0000c270    00000024     app_ble_pem3.oem3 (.text:ti_sysbios_BIOS_registerRTSLock__I)
                  0000c294    00000024     app_ble_pem3.oem3 (.text:ti_sysbios_BIOS_removeRTSLock__I)
                  0000c2b8    00000024     sysbios.aem3 : BIOS.obj (.text:ti_sysbios_family_arm_cc26xx_Timer_Module_startup__E)
                  0000c2dc    00000024                  : BIOS.obj (.text:ti_sysbios_family_arm_cc26xx_Timer_startup__E)
                  0000c300    00000024                  : BIOS.obj (.text:ti_sysbios_knl_Semaphore_Instance_init__E)
                  0000c324    00000024                  : BIOS.obj (.text:ti_sysbios_knl_Swi_Module_startup__E)
                  0000c348    00000022     icall.obj (.text:ICall_dispatch$24)
                  0000c36a    00000022     sensortag.obj (.text:ICall_malloc$0)
                  0000c38c    00000022     sensortag_oad.obj (.text:ICall_malloc$10)
                  0000c3ae    00000022     util.obj (.text:ICall_malloc$14)
                  0000c3d0    00000022     main.obj (.text:main)
                  0000c3f2    00000022     rtsv7M3_T_le_eabi.lib : memcmp.obj (.text)
                  0000c414    00000022     sysbios.aem3 : BIOS.obj (.text:ti_sysbios_family_arm_cc26xx_Timer_postInit__I)
                  0000c436    00000002                  : BIOS.obj (.text:xdc_runtime_Error_policySpin__E)
                  0000c438    00000020     gattservapp_util.obj (.text:GATTServApp_InitCharCfg)
                  0000c458    00000020     humidityservice.obj (.text:Humidity_getParameter)
                  0000c478    00000020     icall_api.obj (.text:ICall_allocMsg$27)
                  0000c498    00000020     icall_api.obj (.text:ICall_getEntityId$27)
                  0000c4b8    00000020     icall.obj (.text:ICall_primService$24)
                  0000c4d8    00000020     icall.obj (.text:ICall_searchService$24)
                  0000c4f8    00000020     irtempservice.obj (.text:IRTemp_getParameter)
                  0000c518    00000020     driverlib.lib : rfc.obj (.text:NOROM_RFCDoorbellSendTo)
                  0000c538    00000020                   : rfc.obj (.text:NOROM_RFCRfTrimRead)
                  0000c558    00000020                   : setup.obj (.text:NOROM_SetupGetTrimForXoscHfCtl)
                  0000c578    00000020     opticservice.obj (.text:Optic_getParameter)
                  0000c598    00000020     drivers_cc26xxware.aem3 : PowerCC26XX.oem3 (.text:Power_unregisterNotify)
                  0000c5b8    00000020     sensortag_batt.obj (.text:SensorTagBatt_reset)
                  0000c5d8    00000020     sensortag_io.obj (.text:SensorTagIO_init)
                  0000c5f8    00000020     sensortag_mov.obj (.text:SensorTagMov_processInterrupt$9)
                  0000c618    00000020     UDMACC26XX.obj (.text:UDMACC26XX_initHw$23)
                  0000c638    00000020     RFCC26XX_singleMode.obj (.text:allocCmd$19)
                  0000c658    00000020     sensortag_mov.obj (.text:initCharacteristicValue$9)
                  0000c678    00000020     app_ble_pem3.oem3 (.text:ti_sysbios_BIOS_rtsLock__I)
                  0000c698    00000020     sysbios.aem3 : BIOS.obj (.text:ti_sysbios_family_arm_cc26xx_Timer_dynamicStub__E)
                  0000c6b8    00000020                  : m3_Hwi_asm.obj (.text:ti_sysbios_family_arm_m3_Hwi_excHandlerAsm__I)
                  0000c6d8    00000020                  : BIOS.obj (.text:ti_sysbios_family_arm_m3_Hwi_excHandler__I)
                  0000c6f8    00000020                  : BIOS.obj (.text:ti_sysbios_knl_Clock_Module_startup__E)
                  0000c718    00000020                  : BIOS.obj (.text:ti_sysbios_knl_Clock_getTicks__E)
                  0000c738    00000020                  : BIOS.obj (.text:ti_sysbios_knl_Clock_stop__E)
                  0000c758    00000020                  : BIOS.obj (.text:ti_sysbios_knl_Idle_run__E)
                  0000c778    00000020     app_ble_pem3.oem3 (.text:ti_sysbios_knl_Semaphore_Object__destruct__S)
                  0000c798    00000020     sysbios.aem3 : BIOS.obj (.text:ti_sysbios_knl_Task_restoreHwi__E)
                  0000c7b8    0000001e     icall.obj (.text:ICall_primSendServiceMsg$24)
                  0000c7d6    0000001e     PINCC26XX.obj (.text:PIN_close)
                  0000c7f4    0000001e     drivers_cc26xxware.aem3 : PowerCC26XX.oem3 (.text:Power_getTransitionLatency)
                  0000c812    0000001e     sysbios.aem3 : m3_Hwi_asm_switch.obj (.text:ti_sysbios_family_xxx_Hwi_switchAndRunFunc)
                  0000c830    0000001e     icall_api.obj (.text:waitMatchCS$27)
                  0000c84e    00000002     sysbios.aem3 : BIOS.obj (.text:xdc_runtime_SysCallback_defaultAbort)
                  0000c850    0000001c     icall_api.obj (.text:GATT_bm_alloc)
                  0000c86c    0000001c     icall_api.obj (.text:GATT_bm_free)
                  0000c888    0000001c     icall.obj (.text:ICall_initPrim$24)
                  0000c8a4    0000001c     sensortag.obj (.text:ICall_wait$0)
                  0000c8c0    0000001c     peripheral.obj (.text:ICall_wait$50)
                  0000c8dc    0000001c     driverlib.lib : osc.obj (.text:NOROM_OSCClockSourceGet)
                  0000c8f8    0000001c                   : setup.obj (.text:NOROM_SetupGetTrimForAmpcompTh2)
                  0000c914    0000001c                   : setup.obj (.text:NOROM_SetupGetTrimForRcOscLfRtuneCtuneTrim)
                  0000c930    0000001c     PINCC26XX.obj (.text:PINCC26XX_setIoCfgMux$18)
                  0000c94c    0000001c     PINCC26XX.obj (.text:PIN_hwi$18)
                  0000c968    0000001c     RFCC26XX_singleMode.obj (.text:RF_runDirectCmd)
                  0000c984    0000001c     RFCC26XX_singleMode.obj (.text:RF_runImmediateCmd)
                  0000c9a0    0000001c     SPI.obj (.text:SPI_Params_init)
                  0000c9bc    0000001c     sensortag_batt.obj (.text:SensorTagBatt_processCharChangeEvt)
                  0000c9d8    0000001c     sensortag.obj (.text:SensorTag_processAppMsg$0)
                  0000c9f4    0000001c     TRNGCC26XX.obj (.text:TRNGCC26XX_open)
                  0000ca10    0000001c     icall_api.obj (.text:getStatusValueFromErrNo$27)
                  0000ca2c    0000001c     TRNGCC26XX.obj (.text:openTRNG)
                  0000ca48    0000001c     app_ble_pem3.oem3 (.text:ti_sysbios_family_arm_m3_Hwi_Object__destruct__S)
                  0000ca64    0000001c     sysbios.aem3 : BIOS.obj (.text:ti_sysbios_family_arm_m3_Hwi_setPriority__E)
                  0000ca80    0000001c                  : BIOS.obj (.text:ti_sysbios_gates_GateMutex_Instance_init__E)
                  0000ca9c    0000001c     app_ble_pem3.oem3 (.text:ti_sysbios_hal_Hwi_HwiProxy_create)
                  0000cab8    0000001c     sysbios.aem3 : BIOS.obj (.text:ti_sysbios_knl_Clock_scheduleNextTick__E)
                  0000cad4    0000001c     app_ble_pem3.oem3 (.text:ti_sysbios_knl_Queue_Object__destruct__S)
                  0000caf0    0000001c     sysbios.aem3 : BIOS.obj (.text:ti_sysbios_knl_Queue_get__E)
                  0000cb0c    0000001c                  : BIOS.obj (.text:ti_sysbios_knl_Queue_put__E)
                  0000cb28    0000001c     app_ble_pem3.oem3 (.text:ti_sysbios_knl_Swi_Object__destruct__S)
                  0000cb44    0000001c     sysbios.aem3 : BIOS.obj (.text:ti_sysbios_knl_Task_enter__I)
                  0000cb60    0000001c                  : BIOS.obj (.text:xdc_runtime_Error_raiseX__E)
                  0000cb7c    0000001c                  : BIOS.obj (.text:xdc_runtime_Memory_valloc__E)
                  0000cb98    0000001c                  : BIOS.obj (.text:xdc_runtime_System_abort__E)
                  0000cbb4    0000001a     icall_api.obj (.text:GATT_Notification)
                  0000cbce    0000001a     icall.obj (.text:ICall_enterCSImpl)
                  0000cbe8    0000001a     icall.obj (.text:ICall_primSetTimerMSecs$24)
                  0000cc02    0000001a     drivers_cc26xxware.aem3 : List.oem3 (.text:List_remove)
                  0000cc1c    0000001a     util.obj (.text:Util_dequeueMsg)
                  0000cc36    0000001a     ExtFlash.obj (.text:extFlashPowerDown$28)
                  0000cc50    0000001a     icall_api.obj (.text:matchGattIndNotiCS$27)
                  0000cc6a    0000001a     sysbios.aem3 : m3_Hwi_asm.obj (.text:ti_sysbios_family_arm_m3_Hwi_pendSV__I)
                  0000cc84    0000001a                  : BIOS.obj (.text:ti_sysbios_knl_Task_sleepTimeout__I)
                  0000cc9e    00000002                  : BIOS.obj (.text:xdc_runtime_SysCallback_defaultExit)
                  0000cca0    00000018     battservice.obj (.text:Batt_SetParameter)
                  0000ccb8    00000018     oad.obj (.text:CheckImageDownloadCount$47)
                  0000ccd0    00000018     peripheral.obj (.text:GAPRole_StartDevice)
                  0000cce8    00000018     peripheral.obj (.text:GAPRole_TerminateConnection)
                  0000cd00    00000018     I2C.obj (.text:I2C_Params_init)
                  0000cd18    00000018     icall_cc2650.obj (.text:ICallPlatform_pwrDispense)
                  0000cd30    00000018     icall_cc2650.obj (.text:ICallPlatform_pwrRequire)
                  0000cd48    00000018     sensortag.obj (.text:ICall_free$0)
                  0000cd60    00000018     sensortag_oad.obj (.text:ICall_free$10)
                  0000cd78    00000018     util.obj (.text:ICall_free$14)
                  0000cd90    00000018     oad.obj (.text:ICall_free$47)
                  0000cda8    00000018     sensortag.obj (.text:ICall_freeMsg$0)
                  0000cdc0    00000018     icall.obj (.text:ICall_freeMsg$24)
                  0000cdd8    00000018     icall_api.obj (.text:ICall_freeMsg$27)
                  0000cdf0    00000018     peripheral.obj (.text:ICall_freeMsg$50)
                  0000ce08    00000018     icall.obj (.text:ICall_primMalloc$24)
                  0000ce20    00000018     movementservice.obj (.text:Movement_registerAppCBs)
                  0000ce38    00000018     driverlib.lib : aon_rtc.obj (.text:NOROM_AONRTCCurrentCompareValueGet)
                  0000ce50    00000018                   : chipinfo.obj (.text:NOROM_ChipInfo_GetPackageType)
                  0000ce68    00000018                   : osc.obj (.text:NOROM_OSCHF_TurnOnXosc)
                  0000ce80    00000018                   : rfc.obj (.text:NOROM_RFCCpeIntGetAndClear)
                  0000ce98    00000018                   : setup.obj (.text:NOROM_SetupGetTrimForAdcShModeEn)
                  0000ceb0    00000018                   : setup.obj (.text:NOROM_SetupGetTrimForAdcShVbufEn)
                  0000cec8    00000018                   : setup.obj (.text:NOROM_SetupGetTrimForAmpcompTh1)
                  0000cee0    00000018                   : setup.obj (.text:NOROM_SetupGetTrimForDblrLoopFilterResetVoltage)
                  0000cef8    00000018                   : setup.obj (.text:NOROM_SetupGetTrimForRcOscLfIBiasTrim)
                  0000cf10    00000018                   : setup.obj (.text:NOROM_SetupGetTrimForXoscLfRegulatorAndCmirrwrRatio)
                  0000cf28    00000018     oad_target_external_flash.obj (.text:OADTarget_close)
                  0000cf40    00000018     oad_target_external_flash.obj (.text:OADTarget_open)
                  0000cf58    00000018     oad.obj (.text:OAD_register)
                  0000cf70    00000018     PINCC26XX.obj (.text:PIN_getConfig)
                  0000cf88    00000018     drivers_cc26xxware.aem3 : PowerCC26XX.oem3 (.text:Power_idleFunc)
                  0000cfa0    00000018     RFCC26XX_singleMode.obj (.text:Q_pop$19)
                  0000cfb8    00000018     registerservice.obj (.text:Register_registerAppCBs)
                  0000cfd0    00000018     sensortag_mov.obj (.text:SensorTagMov_clockHandler$9)
                  0000cfe8    00000018     sensortag.obj (.text:SensorTag_callback$0)
                  0000d000    00000018     sensortag.obj (.text:SensorTag_clockHandler$0)
                  0000d018    00000018     sensortag.obj (.text:SensorTag_updateAdvertisingData)
                  0000d030    00000018     ExtFlash.obj (.text:Spi_close$28)
                  0000d048    00000018     ExtFlash.obj (.text:Spi_flash$28)
                  0000d060    00000018     drivers_cc26xxware.aem3 : PowerCC26XX.oem3 (.text:configureRFCoreClocks)
                  0000d078    00000018     peripheral.obj (.text:gapRole_setEvent$50)
                  0000d090    00000018     sensortag_opt.obj (.text:initCharacteristicValue$11)
                  0000d0a8    00000018     sensortag_tmp.obj (.text:initCharacteristicValue$13)
                  0000d0c0    00000018     sensortag_bar.obj (.text:initCharacteristicValue$1)
                  0000d0d8    00000018     sensortag_hum.obj (.text:initCharacteristicValue$6)
                  0000d0f0    00000018     rtsv7M3_T_le_eabi.lib : args_main.obj (.text)
                  0000d108    00000018                           : ll_mul_t2.obj (.text)
                  0000d120    00000018     RFCC26XX_singleMode.obj (.text:swiFxnFsm$19)
                  0000d138    00000018     app_ble_pem3.oem3 (.text:ti_sysbios_BIOS_rtsUnlock__I)
                  0000d150    00000018     app_ble_pem3.oem3 (.text:ti_sysbios_family_arm_cc26xx_Timer_Module__startupDone__F)
                  0000d168    00000018     app_ble_pem3.oem3 (.text:ti_sysbios_family_arm_m3_Hwi_Module__startupDone__F)
                  0000d180    00000018     sysbios.aem3 : BIOS.obj (.text:ti_sysbios_family_arm_m3_Hwi_plug__E)
                  0000d198    00000018                  : BIOS.obj (.text:ti_sysbios_gates_GateMutex_leave__E)
                  0000d1b0    00000018                  : BIOS.obj (.text:ti_sysbios_knl_Swi_or__E)
                  0000d1c8    00000018                  : BIOS.obj (.text:ti_sysbios_knl_Task_unblock__E)
                  0000d1e0    00000018                  : BIOS.obj (.text:xdc_runtime_Core_destructObject__I)
                  0000d1f8    00000018                  : BIOS.obj (.text:xdc_runtime_Error_check__E)
                  0000d210    00000018                  : BIOS.obj (.text:xdc_runtime_System_exit__E)
                  0000d228    00000016     main.obj (.text:AssertHandler)
                  0000d23e    00000016     icall.obj (.text:ICall_abort$24)
                  0000d254    00000016     icall.obj (.text:ICall_leaveCSImpl)
                  0000d26a    00000016     icall.obj (.text:ICall_primStopTimer$24)
                  0000d280    00000016     ble_user_config.obj (.text:driverTable_fnSpinlock)
                  0000d296    00000016     app_ble_pem3.oem3 (.text:ti_sysbios_BIOS_exitFunc__I)
                  0000d2ac    00000016     sysbios.aem3 : BIOS.obj (.text:ti_sysbios_knl_Clock_start__E)
                  0000d2c2    00000002                  : BIOS.obj (.text:xdc_runtime_System_abortSpin__E)
                  0000d2c4    00000014     ccservice.obj (.text:CcService_registerAppCBs)
                  0000d2d8    00000014     ExtFlash.obj (.text:ExtFlash_powerDown$28)
                  0000d2ec    00000014     ioservice.obj (.text:Io_getParameter)
                  0000d300    00000014     ioservice.obj (.text:Io_registerAppCBs)
                  0000d314    00000014     driverlib.lib : aon_rtc.obj (.text:NOROM_AONRTCCurrent64BitValueGet)
                  0000d328    00000014                   : chipinfo.obj (.text:NOROM_ThisCodeIsBuiltForCC26xxHwRev22AndLater_HaltIfViolated)
                  0000d33c    00000014     oad_target_external_flash.obj (.text:OADTarget_writeFlash)
                  0000d350    00000014     PINCC26XX.obj (.text:PINCC26XX_getInputValue$18)
                  0000d364    00000014     PINCC26XX.obj (.text:PINCC26XX_getOutputValue$18)
                  0000d378    00000014     RFCC26XX_singleMode.obj (.text:RF_Params_init)
                  0000d38c    00000014     registerservice.obj (.text:Register_addService)
                  0000d3a0    00000014     SensorMpu9250.obj (.text:SensorMpu9250_Callback$32)
                  0000d3b4    00000014     SensorMpu9250.obj (.text:SensorMpu9250_powerIsOn)
                  0000d3c8    00000014     SensorMpu9250.obj (.text:SensorMpu9250_registerCallback)
                  0000d3dc    00000014     sensortag_keys.obj (.text:SensorTagKeys_reset)
                  0000d3f0    00000014     SensorUtil.obj (.text:SensorUtil_convertToLe)
                  0000d404    00000014     ExtFlash.obj (.text:extFlashDeselect$28)
                  0000d418    00000014     ExtFlash.obj (.text:extFlashSelect$28)
                  0000d42c    00000014     rtsv7M3_T_le_eabi.lib : _lock.obj (.text)
                  0000d440    00000014                           : strlen.obj (.text)
                  0000d454    00000014     icall_api.obj (.text:setICallCmdEvtHdr$27)
                  0000d468    00000014     app_ble_pem3.oem3 (.text:ti_sysbios_family_arm_m3_Hwi_Object__get__S)
                  0000d47c    00000014     sysbios.aem3 : BIOS.obj (.text:ti_sysbios_family_arm_m3_Hwi_switchFromBootStack__E)
                  0000d490    00000014     app_ble_pem3.oem3 (.text:ti_sysbios_knl_Clock_doTick__I)
                  0000d4a4    00000014     app_ble_pem3.oem3 (.text:ti_sysbios_knl_Swi_Object__get__S)
                  0000d4b8    00000012     ExtFlash.obj (.text:ExtFlash_test)
                  0000d4ca    00000012     gattservapp_util.obj (.text:GATTServApp_FindAttr)
                  0000d4dc    00000012     RFCC26XX_singleMode.obj (.text:RF_getCmdOp)
                  0000d4ee    00000012     sysbios.aem3 : BIOS.obj (.text:ti_sysbios_hal_Hwi_Module_startup__E)
                  0000d500    00000012     app_ble_pem3.oem3 (.text:xdc_runtime_Startup_exec__I)
                  0000d512    00000002     sysbios.aem3 : BIOS.obj (.text:xdc_runtime_System_exitSpin__E)
                  0000d514    00000010     ccservice.obj (.text:CcService_getParameter)
                  0000d524    00000010     devinfoservice.obj (.text:DevInfo_SetParameter)
                  0000d534    00000010     RFCC26XX_singleMode.obj (.text:FsmDispatch$19)
                  0000d544    00000010     peripheral.obj (.text:GAPRole_RegisterAppCBs)
                  0000d554    00000010     icall_api.obj (.text:GAP_EndDiscoverable)
                  0000d564    00000010     gattservapp_util.obj (.text:GATTServApp_ReadCharCfg)
                  0000d574    00000010     icall_cc2650.obj (.text:ICallPlatform_pwrGetXOSCStartupTime)
                  0000d584    00000010     icall.obj (.text:ICall_primGetTickPeriod$24)
                  0000d594    00000010     icall.obj (.text:ICall_taskEntry$24)
                  0000d5a4    00000010     driverlib.lib : rfc.obj (.text:NOROM_RFCRfTrimSet)
                  0000d5b4    00000010                   : setup.obj (.text:NOROM_SetupGetTrimForXoscHfFastStart)
                  0000d5c4    00000010                   : setup.obj (.text:NOROM_SetupGetTrimForXoscHfIbiastherm)
                  0000d5d4    00000010     oad_target_external_flash.obj (.text:OADTarget_getCrc)
                  0000d5e4    00000010     oad_target_external_flash.obj (.text:OADTarget_setCrc)
                  0000d5f4    00000010     oad_target_external_flash.obj (.text:OADTarget_systemReset)
                  0000d604    00000010     ble_user_config.obj (.text:RegisterAssertCback)
                  0000d614    00000010     sensortag_register.obj (.text:SensorTagRegister_init)
                  0000d624    00000010     util.obj (.text:Util_isActive)
                  0000d634    00000010     I2CCC26XX.obj (.text:i2cPostNotify$17)
                  0000d644    00000010     sysbios.aem3 : BIOS.obj (.text:ti_sysbios_BIOS_exit__E)
                  0000d654    00000010                  : BIOS.obj (.text:ti_sysbios_BIOS_getCpuFreq__E)
                  0000d664    00000010                  : BIOS.obj (.text:ti_sysbios_BIOS_setThreadType__E)
                  0000d674    00000010                  : BIOS.obj (.text:ti_sysbios_BIOS_start__E)
                  0000d684    00000010                  : BIOS.obj (.text:ti_sysbios_family_arm_m3_Hwi_post__E)
                  0000d694    00000010                  : m3_TaskSupport_asm.obj (.text:ti_sysbios_family_arm_m3_TaskSupport_glue)
                  0000d6a4    00000010                  : m3_TaskSupport_asm.obj (.text:ti_sysbios_family_arm_m3_TaskSupport_swap__E)
                  0000d6b4    00000010     app_ble_pem3.oem3 (.text:ti_sysbios_hal_Hwi_HwiProxy_Object__create__S)
                  0000d6c4    00000010     sysbios.aem3 : BIOS.obj (.text:ti_sysbios_knl_Semaphore_Instance_finalize__E)
                  0000d6d4    00000010                  : BIOS.obj (.text:ti_sysbios_knl_Swi_disable__E)
                  0000d6e4    00000010                  : BIOS.obj (.text:ti_sysbios_knl_Swi_enabled__E)
                  0000d6f4    00000010     app_ble_pem3.oem3 (.text:ti_sysbios_knl_Task_Object__get__S)
                  0000d704    00000010     sysbios.aem3 : BIOS.obj (.text:ti_sysbios_knl_Task_disable__E)
                  0000d714    00000010                  : BIOS.obj (.text:xdc_runtime_Gate_leaveSystem__E)
                  0000d724    00000010                  : BIOS.obj (.text:xdc_runtime_SysCallback_abort__E)
                  0000d734    00000010                  : BIOS.obj (.text:xdc_runtime_SysCallback_exit__E)
                  0000d744    0000000e     icall_api.obj (.text:GATT_Indication)
                  0000d752    0000000e     icall_cc2650.obj (.text:ICallPlatform_pwrGetTransitionState)
                  0000d760    0000000e     icall_cc2650.obj (.text:ICallPlatform_pwrIsStableXOSCHF)
                  0000d76e    0000000e     icall.obj (.text:ICall_primDisableMInt$24)
                  0000d77c    0000000e     icall.obj (.text:ICall_primEnableMInt$24)
                  0000d78a    0000000e     icall.obj (.text:ICall_primFreeMsg$24)
                  0000d798    0000000e     icall.obj (.text:ICall_primGetTicks$24)
                  0000d7a6    0000000e     driverlib.lib : setup.obj (.text:NOROM_SetupSignExtendVddrTrimValue)
                  0000d7b4    0000000e                   : vims.obj (.text:NOROM_VIMSModeGet)
                  0000d7c2    0000000e     oad_target_external_flash.obj (.text:OADTarget_imageAddress)
                  0000d7d0    0000000e     SPICC26XXDMA.obj (.text:SPICC26XXDMA_init)
                  0000d7de    0000000e     SensorI2C.obj (.text:SensorI2C_readReg)
                  0000d7ec    0000000e     util.obj (.text:Util_constructQueue)
                  0000d7fa    0000000e     rtsv7M3_T_le_eabi.lib : copy_decompress_none.obj (.text:decompress:none)
                  0000d808    0000000e     icall_api.obj (.text:matchGSARegisterServiceCS$27)
                  0000d816    0000000e     icall_api.obj (.text:matchGapLinkEstCS$27)
                  0000d824    0000000e     icall_api.obj (.text:matchLinkDBNumConnsCS$27)
                  0000d832    0000000e     icall_api.obj (.text:setDispatchCmdEvtHdr$27)
                  0000d840    0000000e     sysbios.aem3 : BIOS.obj (.text:ti_sysbios_knl_Queue_empty__E)
                  0000d84e    0000000e                  : BIOS.obj (.text:ti_sysbios_knl_Queue_remove__E)
                  0000d85c    0000000e                  : BIOS.obj (.text:xdc_runtime_HeapMin_Instance_init__E)
                  0000d86a    00000002     --HOLE-- [fill = 0]
                  0000d86c    0000000c     RFCC26XX_singleMode.obj (.text:FsmNextState$19)
                  0000d878    0000000c     icall_api.obj (.text:GAP_MakeDiscoverable)
                  0000d884    0000000c     icall_api.obj (.text:GAP_TerminateAuth)
                  0000d890    0000000c     icall_api.obj (.text:GAP_UpdateLinkParamReq)
                  0000d89c    0000000c     icall_api.obj (.text:GAP_UpdateLinkParamReqReply)
                  0000d8a8    0000000c     icall_api.obj (.text:GGS_SetParameter)
                  0000d8b4    0000000c     icall.obj (.text:ICall_clockFunc$24)
                  0000d8c0    0000000c     icall.obj (.text:ICall_primDisableInt$24)
                  0000d8cc    0000000c     icall.obj (.text:ICall_primEnableInt$24)
                  0000d8d8    0000000c     icall.obj (.text:ICall_primFree$24)
                  0000d8e4    0000000c     icall.obj (.text:ICall_primSignal$24)
                  0000d8f0    0000000c     driverlib.lib : cpu.obj (.text:NOROM_CPUcpsid)
                  0000d8fc    0000000c                   : cpu.obj (.text:NOROM_CPUcpsie)
                  0000d908    0000000c     drivers_cc26xxware.aem3 : PowerCC26XX.oem3 (.text:Power_getConstraintMask)
                  0000d914    0000000c                             : PowerCC26XX.oem3 (.text:Power_getDependencyCount)
                  0000d920    0000000c                             : PowerCC26XX.oem3 (.text:Power_getTransitionState)
                  0000d92c    0000000c     SensorI2C.obj (.text:SensorI2C_deselect)
                  0000d938    0000000c     sensortag_conn_ctrl.obj (.text:SensorTagConnectionControl_init)
                  0000d944    0000000c     sensortag.obj (.text:SensorTag_processGATTMsg$0)
                  0000d950    0000000c     sensortag.obj (.text:SensorTag_processStackMsg$0)
                  0000d95c    0000000c     sensortag.obj (.text:SensorTag_testResult)
                  0000d968    0000000c     rtsv7M3_T_le_eabi.lib : copy_zero_init.obj (.text:decompress:ZI)
                  0000d974    0000000c     icall_api.obj (.text:matchProfileSetParamCS$27)
                  0000d980    0000000c     SPICC26XXDMA.obj (.text:spiPostNotify$21)
                  0000d98c    0000000c     sysbios.aem3 : BIOS.obj (.text:ti_sysbios_BIOS_getThreadType__E)
                  0000d998    0000000c     app_ble_pem3.oem3 (.text:ti_sysbios_family_arm_m3_Hwi_Params__init__S)
                  0000d9a4    0000000c     sysbios.aem3 : BIOS.obj (.text:ti_sysbios_family_arm_m3_Hwi_disableFxn__E)
                  0000d9b0    0000000c                  : BIOS.obj (.text:ti_sysbios_family_arm_m3_Hwi_enableFxn__E)
                  0000d9bc    0000000c                  : BIOS.obj (.text:ti_sysbios_family_arm_m3_TaskSupport_getStackAlignment__E)
                  0000d9c8    0000000c                  : BIOS.obj (.text:ti_sysbios_gates_GateHwi_enter__E)
                  0000d9d4    0000000c     app_ble_pem3.oem3 (.text:ti_sysbios_hal_Hwi_Params__init__S)
                  0000d9e0    0000000c     app_ble_pem3.oem3 (.text:ti_sysbios_knl_Clock_Params__init__S)
                  0000d9ec    0000000c     app_ble_pem3.oem3 (.text:ti_sysbios_knl_Queue_Object__get__S)
                  0000d9f8    0000000c     sysbios.aem3 : BIOS.obj (.text:ti_sysbios_knl_Queue_dequeue__E)
                  0000da04    0000000c                  : BIOS.obj (.text:ti_sysbios_knl_Queue_enqueue__E)
                  0000da10    0000000c     app_ble_pem3.oem3 (.text:ti_sysbios_knl_Semaphore_Params__init__S)
                  0000da1c    0000000c     app_ble_pem3.oem3 (.text:ti_sysbios_knl_Swi_Params__init__S)
                  0000da28    0000000c     sysbios.aem3 : BIOS.obj (.text:ti_sysbios_knl_Swi_getTrigger__E)
                  0000da34    0000000c     app_ble_pem3.oem3 (.text:ti_sysbios_knl_Task_Params__init__S)
                  0000da40    0000000c     sysbios.aem3 : BIOS.obj (.text:ti_sysbios_knl_Task_self__E)
                  0000da4c    0000000c                  : BIOS.obj (.text:xdc_runtime_Gate_enterSystem__E)
                  0000da58    0000000c                  : BIOS.obj (.text:xdc_runtime_HeapMin_getStats__E)
                  0000da64    0000000c                  : BIOS.obj (.text:xdc_runtime_Memory_calloc__E)
                  0000da70    0000000c                  : BIOS.obj (.text:xdc_runtime_Memory_getMaxDefaultTypeAlign__E)
                  0000da7c    0000000c                  : BIOS.obj (.text:xdc_runtime_Startup_rtsDone__E)
                  0000da88    0000000a     I2CCC26XX.obj (.text:I2CCC26XX_init)
                  0000da92    0000000a     I2C.obj (.text:I2C_close)
                  0000da9c    0000000a     I2C.obj (.text:I2C_transfer)
                  0000daa6    0000000a     icall_cc2650.obj (.text:ICallPlatform_pwrSwitchXOSCHF)
                  0000dab0    0000000a     icall.obj (.text:ICall_primE2S$24)
                  0000daba    0000000a     drivers_cc26xxware.aem3 : List.oem3 (.text:List_empty)
                  0000dac4    0000000a     oad_target_external_flash.obj (.text:OADTarget_readFlash)
                  0000dace    0000000a     SPI.obj (.text:SPI_close)
                  0000dad8    0000000a     SPI.obj (.text:SPI_transfer)
                  0000dae2    0000000a     sensortag.obj (.text:SensorTag_charValueChangeCB)
                  0000daec    0000000a     sensortag.obj (.text:SensorTag_stateChangeCB$0)
                  0000daf6    0000000a     UDMACC26XX.obj (.text:UDMACC26XX_hwiIntFxn)
                  0000db00    0000000a     app_ble_pem3.oem3 (.text:xdc_runtime_IHeap_alloc)
                  0000db0a    00000008     I2CCC26XX.obj (.text:I2CCC26XX_blockingCallback$17)
                  0000db12    00000008     RFCC26XX_singleMode.obj (.text:RF_flushCmd)
                  0000db1a    00000008     SPICC26XXDMA.obj (.text:SPICC26XXDMA_transferCallback$21)
                  0000db22    00000008     sensortag_conn_ctrl.obj (.text:ccChangeCB$4)
                  0000db2a    00000008     sensortag_io.obj (.text:ioChangeCB$7)
                  0000db32    00000008     sensortag_register.obj (.text:registerChangeCB$12)
                  0000db3a    00000008     sensortag_mov.obj (.text:sensorChangeCB$9)
                  0000db42    00000008     sensortag_opt.obj (.text:sensorConfigChangeCB$11)
                  0000db4a    00000008     sensortag_tmp.obj (.text:sensorConfigChangeCB$13)
                  0000db52    00000008     sensortag_bar.obj (.text:sensorConfigChangeCB$1)
                  0000db5a    00000008     sensortag_hum.obj (.text:sensorConfigChangeCB$6)
                  0000db62    00000008     sysbios.aem3 : BIOS.obj (.text:ti_sysbios_family_arm_m3_Hwi_doSwiRestore__I)
                  0000db6a    00000008                  : BIOS.obj (.text:ti_sysbios_family_arm_m3_Hwi_startup__E)
                  0000db72    00000008                  : BIOS.obj (.text:ti_sysbios_knl_Idle_loop__E)
                  0000db7a    00000006     icall_api.obj (.text:GGS_AddService)
                  0000db80    00000006     I2CCC26XX.obj (.text:I2CCC26XX_control)
                  0000db86    00000006     icall.obj (.text:ICall_mallocImpl)
                  0000db8c    00000006     driverlib.lib : cpu.obj (.text:NOROM_CPUdelay)
                  0000db92    00000006     oad_target_external_flash.obj (.text:OADTarget_eraseFlash)
                  0000db98    00000006     PINCC26XX.obj (.text:PIN_registerIntCb)
                  0000db9e    00000006     SensorTmp007.obj (.text:SensorTmp007_init)
                  0000dba4    00000006     sysbios.aem3 : BIOS.obj (.text:__xdc__init)
                  0000dbaa    00000006     RFCC26XX_singleMode.obj (.text:clkInactivityFxn$19)
                  0000dbb0    00000006     rtsv7M3_T_le_eabi.lib : copy_decompress_rle.obj (.text:decompress:rle24)
                  0000dbb6    00000006     icall_api.obj (.text:gattAddService$27)
                  0000dbbc    00000006     icall_api.obj (.text:matchBondMgrSetParamCS$27)
                  0000dbc2    00000006     icall_api.obj (.text:matchGGSSetParamCS$27)
                  0000dbc8    00000006     icall_api.obj (.text:matchGapConnParamUpdateReplyCS$27)
                  0000dbce    00000006     icall_api.obj (.text:matchGapDeviceInitCS$27)
                  0000dbd4    00000006     icall_api.obj (.text:matchGapEndDiscoverableCS$27)
                  0000dbda    00000006     icall_api.obj (.text:matchGapGetParamCS$27)
                  0000dbe0    00000006     icall_api.obj (.text:matchGapMakeDiscoverableCS$27)
                  0000dbe6    00000006     icall_api.obj (.text:matchGapSetParamCS$27)
                  0000dbec    00000006     icall_api.obj (.text:matchGapTerminateAuthCS$27)
[...]
0000e818  xdc_runtime_SysCallback_exitFxn__C                          
0000e81c  xdc_runtime_System_Module__gateObj__C                       
0000e820  xdc_runtime_System_abortFxn__C                              
0000e824  xdc_runtime_System_exitFxn__C                               
0000e828  xdc_runtime_System_maxAtexitHandlers__C                     
0000e82c  xdc_runtime_Text_nodeTab__A                                 
0000e830  xdc_runtime_HeapMin_Module__id__C                           
0000e832  xdc_runtime_HeapMin_freeError__C                            
0000e834  xdc_runtime_Memory_Module__id__C                            
0000e838  __TI_static_base__                                          
0000f3bc  __TI_Handler_Table_Base                                     
0000f3c8  __TI_Handler_Table_Limit                                    
0000f3f0  __TI_CINIT_Base                                             
0000f420  __TI_CINIT_Limit                                            
10014c00  A1_rw                                                       
10014c00  __checksum_begin_CommonROM                                  
10014c01  COMMON_ROM_BASE_ADDR                                        
10014c04  P1_ro                                                       
10014c05  SCALARMUL_init                                              
10014ced  SCALARMUL_core                                              
10015019  SCALARMUL_final                                             
100150e5  SCALARMUL                                                   
10015101  SAVEPOINT                                                   
10015141  GETBIT                                                      
10015155  GETDIGIT                                                    
100151a5  GETDIGITL2R                                                 
10015215  SelectReg                                                   
10015229  ATOMICPATTERN                                               
100154f5  JACADD                                                      
1001568d  INVERT                                                      
10015821  SQUAREMULTIPLYWORD                                          
1001588c  LUTOPCODE                                                   
10015894  LUTOPSIGN                                                   
100158ac  LUTC                                                        
100158c4  LUTSE                                                       
100158dc  LUTINCI                                                     
100158f4  LUTJ                                                        
1001596c  LUTSTATE                                                    
100159a9  IMPORTLENGTH                                                
100159ad  IMPORTMODULUS                                               
100159d1  IMPORTOPERAND                                               
10015a11  EXPORTOPERAND                                               
10015a35  IMPORTDATA                                                  
10015a51  SETOPERAND                                                  
10015a6d  COPY                                                        
10015a85  ZERO                                                        
10015a91  SETWORD                                                     
10015a9d  mSET                                                        
10015bcd  zSET                                                        
10015bd5  mINVK                                                       
10015d19  zADD                                                        
10015d5d  zSUB                                                        
10015de9  zMACC32                                                     
10015e69  zSUB32                                                      
10015eb5  zADD32                                                      
10015f0d  zMULT32                                                     
10015f81  mMULT                                                       
10016551  mADD                                                        
1001664d  mSUB                                                        
10016749  mOUT                                                        
10016975  ssp_KeyInit_Sw                                              
10016979  sspAesEncrypt_Sw                                            
10016985  sspKeyExpansion_Sw                                          
10016a99  sspAesEncryptKeyExp_Sw                                      
10016af5  sspAesEncryptBasic_Sw                                       
10016b79  RoundKey_Sw                                                 
10016c29  AddRoundKeySubBytes_Sw                                      
10016c45  ShiftRows_Sw                                                
10016c79  MixColumns_Sw                                               
10016d05  FFMult_Sw                                                   
10016d29  sspAesDecrypt_Sw                                            
10016da1  InvAddRoundKey_Sw                                           
10016dc9  InvRoundKey_Sw                                              
10016e8d  InvSubBytes_Sw                                              
10016ea1  InvShiftRows_Sw                                             
10016ed5  InvMixColumns_Sw                                            
10016f58  FFMult2                                                     
10017058  FFMult3                                                     
10017158  RCon                                                        
10017164  Sbox                                                        
10017264  InvSbox                                                     
10017365  SSP_CCM_Auth_Sw                                             
100174fd  SSP_CCM_Encrypt_Sw                                          
100175ed  SSP_CTR_Encrypt_Sw                                          
1001767d  SSP_CCM_Decrypt_Sw                                          
10017771  SSP_CTR_Decrypt_Sw                                          
10017839  SSP_CCM_InvAuth_Sw                                          
10017895  SSP_CCM_Auth_Encrypt_Sw                                     
100178f5  SSP_CCM_InvAuth_Decrypt_Sw                                  
10017959  ECC_allocWorkzone                                           
10017961  ECC_setWin                                                  
10017969  ECDSA_sign                                                  
10017b01  ECDSA_verif                                                 
10017dbd  eccRom_genKeys                                              
10017ded  eccRom_genSharedSecret                                      
10017e39  SHA256_updateW                                              
10017e75  SHA256_round                                                
10017ef1  SHA256_nextState                                            
10017f49  SHA256_saveBuffer                                           
10017ffd  SHA256_init                                                 
10018019  SHA256_process                                              
10018089  SHA256_final                                                
10018129  SHA256_full                                                 
100182ad  RFHAL_InitRfHal                                             
10018315  RFHAL_AllocRatChan                                          
1001833d  RFHAL_FreeRatChan                                           
10018369  RFHAL_MapRatChansToInt                                      
10018391  RFHAL_RegisterRatChanCallback                               
100183b9  RFHAL_InitDataQueue                                         
100183c5  RFHAL_QueueRFDataEntries                                    
10018415  RFHAL_AddTxDataEntry                                        
10018485  RFHAL_FreeNextTxDataEntry                                   
100184a9  RFHAL_AllocDataEntryQueue                                   
100184c5  RFHAL_FreeDataEntryQueue                                    
100184cd  RFHAL_GetNextDataEntry                                      
100184d1  RFHAL_GetTempDataEntry                                      
100184d5  RFHAL_NextDataEntryDone                                     
100184f9  RFHAL_AllocDataEntry                                        
10018549  RFHAL_FreeDataEntry                                         
10018551  RFHAL_BuildRingBuffer                                       
100185e1  RFHAL_BuildDataEntryRingBuffer                              
10018669  RFHAL_BuildLinkedBuffer                                     
10018755  MB_Init                                                     
10018799  MB_EnableInts                                               
100187f5  MB_DisableInts                                              
10018825  MB_ClearInts                                                
10018835  MB_EnableHWInts                                             
10018865  MB_SendCommand                                              
100188a5  MB_SendCommandSynch                                         
10018935  MB_ReadMailboxStatus                                        
1001893d  MB_RegisterIsrCback                                         
10018945  MB_FwDebugDump                                              
10018949  mbCmdAckIsr                                                 
1001895d  mbCpe0Isr                                                   
10018985  mbCpe1Isr                                                   
100189e5  mbHwIsr                                                     
10018a19  AesCcm_authEncrypt_Sw                                       
10018a35  AesCcm_decryptAuth_Sw                                       
10018a99  Aes_encrypt_Sw                                              
10018ac5  Aes_decrypt_Sw                                              
10018b09  AesCcm_getNumBlocks_Sw                                      
10018b0c  NIST_Curve_P256_p                                           
10018b30  NIST_Curve_P256_r                                           
10018b54  NIST_Curve_P256_a                                           
10018b78  NIST_Curve_P256_b                                           
10018b9c  NIST_Curve_P256_Gx                                          
10018bc0  NIST_Curve_P256_Gy                                          
10018ced  __exit                                                      
10018d6c  Fill1                                                       
10019ffc  A3_rw                                                       
10019ffd  __checksum_end_CommonROM                                    
10019ffe  A2_rw                                                       
10019ffe  P1_ro_2                                                     
10019ffe  __checksum_CommonROM                                        
20000000  ti_sysbios_family_arm_m3_Hwi_ramVectors                     
20000520  gapProfileState                                             
20000521  selfEntityMain                                              
20000528  sem                                                         
2000052c  hGpioPin                                                    
20000544  pinGpioState                                                
200008d4  linkDBNumConns                                              
200009e8  gapRoleTask                                                 
20000a38  gapRoleTaskStack                                            
20001944  ti_sysbios_family_arm_cc26xx_Timer_Module__root__V          
2000194c  ti_sysbios_family_arm_cc26xx_Timer_Module__state__V         
20001954  ti_sysbios_family_arm_m3_Hwi_Module__root__V                
2000195c  ti_sysbios_family_arm_m3_Hwi_Object__table__V               
20001974  ti_sysbios_family_arm_m3_Hwi_Module_State_0_excActive__A    
20001978  ti_sysbios_family_arm_m3_Hwi_Module_State_0_excContext__A   
2000197c  ti_sysbios_family_arm_m3_Hwi_Module_State_0_excStack__A     
20001980  ti_sysbios_gates_GateHwi_Module__root__V                    
20001988  ti_sysbios_gates_GateHwi_Object__table__V                   
2000198c  ti_sysbios_gates_GateMutex_Module__root__V                  
20001994  ti_sysbios_gates_GateMutex_Object__table__V                 
200019b0  ti_sysbios_hal_Hwi_Module__root__V                          
200019b8  ti_sysbios_knl_Clock_Module__root__V                        
200019c0  ti_sysbios_knl_Clock_Object__table__V                       
200019e0  ti_sysbios_knl_Queue_Module__root__V                        
200019e8  ti_sysbios_knl_Semaphore_Module__root__V                    
200019f0  ti_sysbios_knl_Swi_Module__root__V                          
200019f8  ti_sysbios_knl_Swi_Module__state__V                         
20001a14  ti_sysbios_knl_Task_Module__root__V                         
20001a1c  ti_sysbios_knl_Task_Module_State_0_idleTask__A              
20001a20  xdc_runtime_Error_Module__state__V                          
20001a24  xdc_runtime_HeapMin_Module__root__V                         
20001a2c  xdc_runtime_HeapMin_Object__table__V                        
20001a3c  xdc_runtime_Memory_Module__state__V                         
20001a40  xdc_runtime_Registry_Module__state__V                       
20001a48  xdc_runtime_Startup_Module__state__V                        
20001a50  xdc_runtime_System_Module__state__V                         
20001a58  xdc_runtime_Text_Module__state__V                           
20001a60  __xdc__init__addr                                           
20001a64  PowerCC26XX_module                                          
20001b74  ICall_dispatcher                                            
20001b7c  ICall_enterCriticalSection                                  
20001b80  ICall_leaveCriticalSection                                  
20001b98  HEAPMGR_SIZE                                                
20002264  rfRegTbl                                                    
20002300  ti_sysbios_knl_Task_Object__table__V                        
20002350  ti_sysbios_family_arm_cc26xx_Timer_Object__table__V         
20002398  ti_sysbios_knl_Task_Module__state__V                        
20002410  ti_sysbios_family_arm_m3_Hwi_Module__state__V               
20002474  ti_sysbios_knl_Swi_Module_State_0_readyQ__A                 
200024a4  ti_sysbios_knl_Swi_Object__table__V                         
200024d4  ti_sysbios_knl_Task_Module_State_0_readyQ__A                
20002504  user0Cfg                                                    
2000258c  ti_sysbios_knl_Clock_Module__state__V                       
200025b8  ti_sysbios_BIOS_Module__state__V                            
20002608  lastAppOpcodeSent                                           
2000260c  pfnBMAlloc                                                  
20002610  pfnBMFree                                                   
2000261c  _lock                                                       
20002620  _unlock                                                     
20002624  __TI_cleanup_ptr                                            
20002628  __TI_dtors_ptr                                              
20002634  appAssertCback                                              
20002638  main_func_sp                                                
20002648  xdc_runtime_HeapMin_Instance_State_0_buf__A                 
20002cd0  ti_sysbios_knl_Task_Instance_State_0_stack__A               
20002ed0  spiCC26XXDMAObjects                                         
20003088  PIN_NumPins                                                 
2000311c  PIN_HandleTable                                             
200032a8  i2cCC26xxObjects                                            
20003388  ti_sysbios_family_arm_m3_Hwi_dispatchTable                  
200034c8  udmaObjects                                                 
20003524  trngCC26XXObjects                                           
20003529  driverlib_release_0_46593                                   
2000352f  heapStart                                                   
20004228  __stack                                                     
20004228  heapEnd                                                     
20004428  __STACK_END                                                 
20004428  __STACK_TOP                                                 
20004f2c  A4_rw                                                       
20004f2c  COMMON_RAM_BASE_ADDR                                        
20004f40  P2_rw                                                       
20004f40  P2_s0                                                       
20004f40  eccRom_windowSize                                           
20004f44  eccRom_workzone                                             
20004f48  eccRom_param_p                                              
20004f4c  eccRom_param_r                                              
20004f50  eccRom_param_a                                              
20004f54  inScalar                                                    
20004f58  inPointX                                                    
20004f5c  inPointY                                                    
20004f60  outPointX                                                   
20004f64  outPointY                                                   
20004f68  SCAL                                                        
20004f6c  EXPX                                                        
20004f70  EXPY                                                        
20004f74  EXPZ                                                        
20004f78  EXPW                                                        
20004f7c  ACCX                                                        
20004f80  ACCY                                                        
20004f84  ACCZ                                                        
20004f88  TMP1                                                        
20004f8c  TMP2                                                        
20004f90  TMP3                                                        
20004f94  TMP4                                                        
20004f98  TMP5                                                        
20004f9c  TMP6                                                        
20004fa0  eccRom_param_Gx                                             
20004fa4  eccRom_param_Gy                                             
20004fa8  eccRom_param_b                                              
20004fac  P2_zi                                                       
20004fac  ratChanInfo                                                 
20004fcc  fwInfoCmd                                                   
20004fd8  MSBMOD                                                      
20004fdc  aux64                                                       
20004fe4  MOD                                                         
20004fe8  LEN                                                         
20004ffc  pSspAesEncrypt_Sw                                           
e000e000  ti_sysbios_family_arm_m3_Hwi_nvic                           
ffffffff  __binit__                                                   
ffffffff  __c_args__                                                  
ffffffff  binit                                                       
UNDEFED   SHT$$INIT_ARRAY$$Base                                       
UNDEFED   SHT$$INIT_ARRAY$$Limit                                      

[1044 symbols]
